[abax3dtech.com/impresoras-3d/index.html]
[backblue.gif]
[fade.gif]
[index.html]
[abax3dtech.com/wp-content/plugins/formidable/css/formidableforms4a34.css]
[abax3dtech.com/wp-includes/css/dist/block-library/style.mind42d.css]
[abax3dtech.com/wp-content/plugins/complianz-gdpr/assets/css/cookieblocker.min5c45.css]
[abax3dtech.com/wp-content/themes/Divi-child/style20fd.css]
[abax3dtech.com/wp-content/themes/Divi/styled42d.css]
[abax3dtech.com/wp-includes/css/dashicons.mind42d.css]
[abax3dtech.com/wp-includes/js/jquery/jquery.minaf6c.js]
[abax3dtech.com/wp-includes/js/jquery/jquery-migrate.mind617.js]
[abax3dtech.com/wp-content/plugins/link-juice-optimizer/public/js/link-juice-optimizer254d.js]
[abax3dtech.com/wp-content/uploads/2019/08/cropped-favicon-32x32.jpg]
[abax3dtech.com/wp-content/uploads/2019/08/cropped-favicon-192x192.jpg]
[abax3dtech.com/wp-content/uploads/2019/08/cropped-favicon-180x180.jpg]
[abax3dtech.com/wp-content/et-cache/9307/et-core-unified-9307-1716234371463.min.css]
[abax3dtech.com/wp-content/uploads/2019/10/abax_logo_small.png]
[abax3dtech.com/wp-content/uploads/2021/06/foto-principal-impresoras.jpg]
[abax3dtech.com/impresoras-3d/pri3/index.html]
[abax3dtech.com/impresoras-3d/titan-300/index.html]
[abax3dtech.com/impresoras-3d/titan-500/index.html]
[abax3dtech.com/wp-content/uploads/2021/07/pri3-v4.jpg]
[abax3dtech.com/impresoras-3d/pri5/index.html]
[abax3dtech.com/wp-content/uploads/2021/07/pri5v3.jpg]
[abax3dtech.com/wp-content/uploads/2021/07/Titan-300_1000x1000-1.jpg]
[abax3dtech.com/wp-content/uploads/2021/07/Titan-500_1000x1000-1.jpg]
[abax3dtech.com/wp-content/themes/Divi/js/custom.unified20fd.js]
[abax3dtech.com/wp-content/themes/Divi/core/admin/js/common20fd.js]
[abax3dtech.com/wp-content/plugins/complianz-gdpr/cookiebanner/js/complianz.min5c45.js]
[abax3dtech.com/impresoras-3d/index.html]
[abax3dtech.com/wp-content/plugins/formidable/js/frm.min4245.js]
[abax3dtech.com/wp-content/plugins/formidable/images/ajax_loader.gif]
[abax3dtech.com/wp-content/plugins/formidable/css/formidableforms4a34.css]
[abax3dtech.com/wp-includes/css/dist/block-library/style.mind42d.css]
[abax3dtech.com/wp-content/plugins/complianz-gdpr/assets/css/cookieblocker.min5c45.css]
[abax3dtech.com/wp-content/themes/Divi/core/admin/fonts/modules.eot]
[abax3dtech.com/wp-content/themes/Divi/core/admin/fonts/modulesd41d.eot]
[abax3dtech.com/wp-content/themes/Divi/core/admin/fonts/modules.ttf]
[abax3dtech.com/wp-content/themes/Divi/core/admin/fonts/modules.woff]
[abax3dtech.com/wp-content/themes/Divi/core/admin/fonts/modules.svg]
[abax3dtech.com/wp-content/themes/Divi/includes/builder/styles/images/subscribe-loader.gif]
[abax3dtech.com/wp-content/themes/Divi/includes/builder/styles/images/preloader.gif]
[abax3dtech.com/wp-content/themes/Divi/epanel/shortcodes/images/shortcodes-sprite.png]
[abax3dtech.com/wp-content/themes/Divi/styled42d.css]
[abax3dtech.com/wp-content/themes/Divi-child/style20fd.css]
[abax3dtech.com/wp-includes/css/dashicons.mind42d.css]
[www.googletagmanager.com/gtm5445.html]
[abax3dtech.com/wp-content/et-cache/9307/et-core-unified-9307-1716234371463.min.css]
[abax3dtech.com/wp-content/et-cache/9274/et-core-unified-9274-17162621678956.min.css]
[abax3dtech.com/wp-content/uploads/2018/03/FotoPRi3DetalleNumero1.png]
[abax3dtech.com/wp-content/uploads/2021/06/IMG_0233.jpg]
[abax3dtech.com/wp-content/uploads/2021/06/IMG_0233-400x284.jpg]
[abax3dtech.com/wp-content/uploads/2021/06/IMG_0227.jpg]
[abax3dtech.com/wp-content/uploads/2021/06/IMG_0227-400x284.jpg]
[abax3dtech.com/wp-content/uploads/2021/06/IMG_0224.jpg]
[abax3dtech.com/wp-content/uploads/2021/06/IMG_0224-400x284.jpg]
[abax3dtech.com/wp-content/uploads/2021/06/IMG_0229.jpg]
[abax3dtech.com/wp-content/uploads/2021/06/IMG_0229-400x284.jpg]
[abax3dtech.com/wp-content/uploads/2021/06/esquema-pri3-caracteristicas.png]
[abax3dtech.com/wp-content/uploads/2021/01/20210114_122316-e1610628819835.jpg]
[abax3dtech.com/wp-content/uploads/2021/06/IMG_0067.jpg]
[abax3dtech.com/wp-content/uploads/2021/06/plata.jpg]
[abax3dtech.com/wp-content/uploads/2021/06/plata-detalle.jpg]
[abax3dtech.com/wp-content/uploads/2021/06/Simplify3DLogo-1024x776.png]
[abax3dtech.com/impresoras-3d/pri3/index.html]
[abax3dtech.com/wp-content/et-cache/9583/et-core-unified-9583-17162621808198.min.css]
[abax3dtech.com/wp-content/uploads/2021/07/PRi5_new_machine.jpg]
[abax3dtech.com/wp-content/uploads/2021/06/esquema-pri5-caracteristicas.png]
[abax3dtech.com/wp-content/uploads/2021/06/IMG_9873.jpg]
[abax3dtech.com/wp-content/uploads/2021/06/IMG_9869-e1623236773165.jpg]
[abax3dtech.com/impresoras-3d/pri5/index.html]
[abax3dtech.com/wp-content/et-cache/12654/et-core-unified-12654-17162528761356.min.css]
[abax3dtech.com/wp-content/uploads/2021/05/impresora-3.jpg]
[abax3dtech.com/wp-content/uploads/2021/05/impresora-3-400x284.jpg]
[abax3dtech.com/wp-content/uploads/2021/09/IMG_0081.jpg]
[abax3dtech.com/wp-content/uploads/2021/09/IMG_0081-400x284.jpg]
[abax3dtech.com/wp-content/uploads/2021/07/IMG_0085-610x915-1.jpg]
[abax3dtech.com/wp-content/uploads/2021/07/IMG_0085-610x915-1-400x284.jpg]
[abax3dtech.com/wp-content/uploads/2021/07/IMG_0082-400x284-1.jpg]
[abax3dtech.com/wp-content/uploads/2021/07/IMG_0082-400x284-1-400x284.jpg]
[abax3dtech.com/wp-content/uploads/2021/08/esquemas-titan300.png]
[abax3dtech.com/wp-content/uploads/2021/06/protecciones-seguridad.jpg]
[abax3dtech.com/wp-content/uploads/2021/06/protecciones-seguridad2.jpg]
[abax3dtech.com/wp-content/uploads/2021/06/IMG_0524.jpg]
[abax3dtech.com/wp-content/uploads/2021/06/detalle-horizontal-1.jpg]
[abax3dtech.com/impresoras-3d/titan-300/index.html]
[abax3dtech.com/wp-content/et-cache/9622/et-core-unified-9622-17162396540373.min.css]
[abax3dtech.com/wp-content/uploads/2021/07/Titan-500_1000x1000.jpg]
[abax3dtech.com/wp-content/uploads/2021/06/esquemas-maquinas-titan500.png]
[abax3dtech.com/wp-content/uploads/2021/06/cabeza-caballo-3d-e1623311220267.jpg]
[abax3dtech.com/wp-content/uploads/2021/06/cabeza-caballo-atras-3d-rotated-e1623311188393.jpg]
[abax3dtech.com/impresoras-3d/titan-500/index.html]
[abax3dtech.com/wp-content/themes/Divi/core/admin/fonts/modules.svg]
[abax3dtech.com/wp-content/uploads/2021/06/Cabecera-recortada-pri.jpg]
[abax3dtech.com/wp-content/et-cache/9274/et-core-unified-9274-17162621678956.min.css]
[abax3dtech.com/wp-content/et-cache/9583/et-core-unified-9583-17162621808198.min.css]
[abax3dtech.com/wp-content/et-cache/12654/et-core-unified-12654-17162528761356.min.css]
[abax3dtech.com/wp-content/et-cache/9622/et-core-unified-9622-17162396540373.min.css]
